// Jest Snapshot v1, https://goo.gl/fbAQLP

exports[`PaymentForm PaymentForm not changed 1`] = `
"<div>
  <v-dialog return-value=\\"\\" persistent=\\"\\" width=\\"290px\\" name=\\"dialog\\">
    <v-date-picker scrollable=\\"\\" name=\\"date-picker\\">
      <v-spacer></v-spacer>
      <v-btn text=\\"\\" color=\\"primary\\" name=\\"date-close\\">
        Cancel
      </v-btn>
      <v-btn text=\\"\\" color=\\"primary\\">
        OK
      </v-btn>
    </v-date-picker>
  </v-dialog>
  <v-text-field label=\\"Category\\" required=\\"\\" name=\\"category\\"></v-text-field>
  <v-text-field label=\\"Value\\" required=\\"\\" name=\\"value\\"></v-text-field>
  <v-btn color=\\"primary\\" name=\\"save\\">Save</v-btn>
</div>"
`;
